// Jest Snapshot v1, https://goo.gl/fbAQLP

exports[`MoviePage test Should MoviePage component render correctly 1`] = `
Array [
  <div
    className="movie-rating"
  >
    <div
      className="movie-rating__score"
    >
      8.9
    </div>
    <p
      className="movie-rating__meta"
    >
      <span
        className="movie-rating__level"
      >
        level
      </span>
      <span
        className="movie-rating__count"
      >
        220
         ratings
      </span>
    </p>
  </div>,
  <div
    className="movie-card__text"
  >
    description
    <p
      className="movie-card__director"
    >
      <strong>
        Director: 
        director
      </strong>
    </p>
    <p
      className="movie-card__starring"
    >
      <strong>
        Starring: 
        Bill Murray, Edward Norton, Jude Law, Willem Dafoe, Saoirse Ronan
         and other
      </strong>
    </p>
  </div>,
]
`;
