// Jest Snapshot v1, https://goo.gl/fbAQLP

exports[`MoviePage test Should MoviePage component render correctly 1`] = `null`;
