// Jest Snapshot v1, https://goo.gl/fbAQLP

exports[`Render component Should Error Message render correctly 1`] = `
<div
  className="error"
>
  <p
    className="error__text"
  >
    Что-то пошло не так 
    <br />
     Ошибка: 
    Error
  </p>
</div>
`;
