// Jest Snapshot v1, https://goo.gl/fbAQLP

exports[`VideoPlayerPreview is rendered correctly 1`] = `
<video>
  Sorry, this preview is not available in your browser
</video>
`;
