// Jest Snapshot v1, https://goo.gl/fbAQLP

exports[`MovieCardDescription render MovieCardDescription render 1`] = `
<div
  className="movie-card__desc"
>
  <nav
    className="movie-nav movie-card__nav"
  >
    <ul
      className="movie-nav__list"
    >
      <li
        className="movie-nav__item movie-nav__item--active"
        onClick={[Function]}
      >
        <a
          className="movie-nav__link"
          href="#"
        >
          Overview
        </a>
      </li>
      <li
        className="movie-nav__item false"
        onClick={[Function]}
      >
        <a
          className="movie-nav__link"
          href="#"
        >
          Details
        </a>
      </li>
      <li
        className="movie-nav__item false"
        onClick={[Function]}
      >
        <a
          className="movie-nav__link"
          href="#"
        >
          Reviews
        </a>
      </li>
    </ul>
  </nav>
  <div
    className="movie-rating"
  >
    <div
      className="movie-rating__score"
    >
      7.2
    </div>
    <p
      className="movie-rating__meta"
    >
      <span
        className="movie-rating__level"
      >
        good
      </span>
      <span
        className="movie-rating__count"
      >
        248
         ratings
      </span>
    </p>
  </div>
  <div
    className="movie-card__text"
  >
    <p>
      The second installment of the "Fantastic Beasts" series featuring the adventures of Magizoologist Newt Scamander.
    </p>
    <p
      className="movie-card__director"
    >
      <strong>
        Director: 
        David Yates
      </strong>
    </p>
    <p
      className="movie-card__starring"
    >
      <strong>
        Starring: 
        Eddie Redmayne, Katherine Waterson, Dan Folger
         and other
      </strong>
    </p>
  </div>
</div>
`;
